// Jest Snapshot v1, https://goo.gl/fbAQLP

exports[`components/form/sw-list-price-field should renders correctly 1`] = `
<div
  class="sw-list-price-field"
>
  <div
    class="sw-list-price-field__price"
  >
    <sw-price-field-stub
      currency="[object Object]"
      defaultprice="[object Object]"
      label="true"
      price="[object Object],[object Object]"
      required=""
      taxrate="[object Object]"
    />
  </div>
   
  <div
    class="sw-list-price-field__list-price"
  >
    <sw-price-field-stub
      allowempty=""
      class="sw-list-price-field__list-price"
      currency="[object Object]"
      defaultprice="[object Object]"
      grosslabel="global.sw-list-price-field.labelListPriceGross"
      label="true"
      netlabel="global.sw-list-price-field.labelListPriceNet"
      price="[object Object]"
      taxrate="[object Object]"
    />
  </div>
</div>
`;
