// Jest Snapshot v1, https://goo.gl/fbAQLP

exports[`components/form/sw-price-field should render correctly 1`] = `
<div
  class="sw-price-field sw-price-field--label"
>
  <div
    class="price-field-grid"
  >
    <sw-field-stub
      class="sw-price-field__gross"
      digits="20"
      label="global.sw-price-field.labelPriceGross"
      min="0"
      name="sw-price-field-gross"
      placeholder="sw-product.priceForm.placeholderPriceGross"
      size="default"
      type="number"
      value="123"
    />
     
    <button
      class="sw-price-field__lock"
    >
      <sw-icon-stub
        name="regular-lock-open"
        size="16"
      />
    </button>
     
    <sw-field-stub
      class="sw-price-field__net"
      digits="20"
      label="global.sw-price-field.labelPriceNet"
      min="0"
      name="sw-price-field-net"
      placeholder="sw-product.priceForm.placeholderPriceNet"
      size="default"
      type="number"
      value="250"
    />
  </div>
   
  <!---->
   
  <!---->
</div>
`;
