// Jest Snapshot v1, https://goo.gl/fbAQLP

exports[`module/sw-settings/page/sw-settings-index should render correctly 1`] = `
<div
  class="sw-settings-index"
>
  
  <div
    class="sw-card-view"
  >
    
    <div
      class="sw-tabs sw-tabs--vertical sw-settings__tabs"
    >
      <div
        class="sw-tabs__content"
        style="padding-bottom: 0px;"
      >
        
        <a
          class="sw-tabs-item sw-settings__tab-shop"
          title="sw-settings.index.tabShop"
          to="[object Object]"
        >
          
          
          sw-settings.index.tabShop
          
           
          <!--v-if-->
           
          <!--v-if-->
          
        </a>
         
        <a
          class="sw-tabs-item sw-settings__tab-system"
          title="sw-settings.index.tabSystem"
          to="[object Object]"
        >
          
          
          sw-settings.index.tabSystem
          
           
          <!--v-if-->
           
          <!--v-if-->
          
        </a>
         
        <a
          class="sw-tabs-item sw-settings__tab-plugins"
          title="sw-settings.index.tabPlugins"
          to="[object Object]"
        >
          
          
          sw-settings.index.tabPlugins
          
           
          <!--v-if-->
           
          <!--v-if-->
          
        </a>
        
         
        
        
         
        <span
          class="sw-tabs__slider"
          style="transform: translate(0, 0px) rotate(90deg); width: 0px;"
        />
      </div>
       
      <!--v-if-->
       
      <!--v-if-->
       
      <div
        class="sw-tabs__custom-content"
      >
        
        <h1
          class="sw-settings__content-header"
        >
          sw-settings.index.title
        </h1>
         
        <div
          class="sw-card sw-settings__card"
          position-identifier="sw-settings-index-content"
        >
          
          
          
          <div
            class="sw-settings__content-grid"
            id="sw-settings__content-grid-system"
            style="display: none;"
          >
            
            <div
              id="sw-settings-user"
              label="a"
              to="[object Object]"
            >
              Loading sw-settings-item async
            </div>
            <div
              id="sw-settings-foo"
              label="b"
              to="[object Object]"
            >
              Loading sw-settings-item async
            </div>
            <div
              id="sw-settings-store"
              label="c"
              to="[object Object]"
            >
              Loading sw-settings-item async
            </div>
            
          </div>
          
          
          <div
            class="sw-settings__content-grid"
            id="sw-settings__content-grid-shop"
            style="display: none;"
          >
            
            <div
              id="sw-settings-shipping"
              label="a"
              to="[object Object]"
            >
              Loading sw-settings-item async
            </div>
            <div
              id="sw-settings-snippet"
              label="h"
              to="[object Object]"
            >
              Loading sw-settings-item async
            </div>
            <div
              id="sw-settings-listing"
              label="s"
              to="[object Object]"
            >
              Loading sw-settings-item async
            </div>
            
          </div>
          
          
          <div
            class="sw-settings__content-grid"
            id="sw-settings__content-grid-plugins"
            style="display: none;"
          >
            
            <div
              id="sw-extension-books"
              label="extension-sdk"
              to="[object Object]"
            >
              Loading sw-settings-item async
            </div>
            <div
              id="sw-extension-briefcase"
              label="general.no"
              to="[object Object]"
            >
              Loading sw-settings-item async
            </div>
            
          </div>
          
          
          
        </div>
        
         
        <!--v-if-->
      </div>
    </div>
    
  </div>
  
</div>
`;
