// Jest Snapshot v1, https://goo.gl/fbAQLP

exports[`scripts/codemods/sfc-migration/transform-template block-component: twig block syntax is fully replaced across the whole template matches the complete transformed template snapshot 1`] = `
"<template>
<sw-block name="sw_block_card" :data="$dataScope">
<div class="sw-block-card">
    <sw-block name="sw_block_card_header" :data="$dataScope">
    <div class="sw-block-card__header">
        <h3>{{ title }}</h3>
    </div>
    </sw-block>

    <sw-block name="sw_block_card_content" :data="$dataScope">
    <div class="sw-block-card__content">
        <p>{{ description }}</p>
    </div>
    </sw-block>

    <sw-block name="sw_block_card_footer" :data="$dataScope">
    <div class="sw-block-card__footer">
        <sw-block-parent/>
        <button @click="onAction">Action</button>
    </div>
    </sw-block>
</div>
</sw-block>

</template>"
`;

exports[`scripts/codemods/sfc-migration/transform-template simple-component: plain HTML without twig blocks is wrapped without modification matches the complete wrapped template snapshot 1`] = `
"<template>
<div class="sw-simple-card">
    <div class="sw-simple-card__title">{{ title }}</div>
    <div class="sw-simple-card__description">{{ description }}</div>
    <button class="sw-simple-card__action" @click="onSave">Save</button>
</div>

</template>"
`;
