// Jest Snapshot v1, https://jestjs.io/docs/snapshot-testing

exports[`scripts/codemods/sfc-migration/transform-script block-component: converts props, emits, data init from prop, computed, watch (prop+data), methods with $emit and $refs, and lifecycle matches the complete converted script snapshot 1`] = `
"const props = defineProps({
        initialCount: {
            type: Number,
            required: false,
            default: 0,
        },
        readOnly: {
            type: Boolean,
            required: false,
            default: false,
        },
    });
const emit = defineEmits(['action', 'reset']);

import { ref, computed, inject, watch, onMounted } from 'vue';

const cardWrapper = ref(null);

const acl = inject('acl');

const title = ref('Block Card');
const description = ref('A card with extensible blocks');
const count = ref(props.initialCount);

const canEdit = computed(() => {
return !props.readOnly && acl.can('product.editor');
});
const label = computed({
get: () => {
return title.value;
},
set: (val) => {
title.value = val;
},
});

const onAction = () => {
count.value += 1;
emit('action', count.value);
};
const onReset = () => {
count.value = props.initialCount;
title.value = 'Block Card';
cardWrapper.value.focus();
emit('reset');
};

watch(() => count.value, (newVal) => {
if (newVal > 10) {
    title.value = 'Limit reached';
}
});
watch(() => props.readOnly, (newVal) => {
if (newVal) {
    title.value = 'Read-only mode';
}
});

onMounted(() => {
count.value = props.initialCount;
});

swDefinePublic({
    acl,
    title,
    description,
    count,
    canEdit,
    label,
    onAction,
    onReset,
});"
`;

exports[`scripts/codemods/sfc-migration/transform-script composables-component: rewrites $router, $route, $slots, $nextTick, $t, and $tc to their Composition API equivalents matches the complete converted script snapshot 1`] = `
"import { ref, computed, nextTick, useSlots, useAttrs } from 'vue';
import { useRouter, useRoute } from 'vue-router';
import { useI18n } from 'vue-i18n';

const router = useRouter();
const route = useRoute();
const slots = useSlots();
const attrs = useAttrs();
const { t } = useI18n();

const value = ref('');

const currentRoute = computed(() => {
return route.name;
});
const hasSlot = computed(() => {
return !!slots.default;
});
const label = computed(() => {
return t('sw.composables.label', 2);
});

const goBack = () => {
router.back();
};
const update = async () => {
value.value = 'new';
await nextTick();
};
const getTitle = () => {
return t('sw.composables.title');
};
const getAttrsClass = () => {
return attrs.class ?? '';
};

swDefinePublic({
    value,
    currentRoute,
    hasSlot,
    label,
    goBack,
    update,
    getTitle,
    getAttrsClass,
});"
`;

exports[`scripts/codemods/sfc-migration/transform-script computed-spread-component: expands the statically analysable computed spreads matches the complete converted script snapshot 1`] = `
"const { Store } = Shopware;
const { mapPropertyErrors, mapCollectionPropertyErrors, mapState } = Shopware.Component.getComponentHelper();

import { ref, computed } from 'vue';

const product = ref(null);
const lineItems = ref([]);

// from the ...mapPropertyErrors('product', …) computed spread
const productNameError = computed(() => {
const entity = product.value;
const isEntity = entity && typeof entity.getEntityName === 'function';
if (!isEntity) { return null; }
return Shopware.Store.get('error').getApiError(entity, 'name');
});
// from the ...mapPropertyErrors('product', …) computed spread
const productStockError = computed(() => {
const entity = product.value;
const isEntity = entity && typeof entity.getEntityName === 'function';
if (!isEntity) { return null; }
return Shopware.Store.get('error').getApiError(entity, 'stock');
});
// from the ...mapCollectionPropertyErrors('lineItems', …) computed spread
const lineItemsQuantityError = computed(() => {
const entityCollection = lineItems.value;
if (!Array.isArray(entityCollection)) { return null; }
return entityCollection.map((entity) => Shopware.Store.get('error').getApiError(entity, 'quantity'));
});
// from the ...mapState(() => Store.get('swProductDetail'), …) computed spread
const loading = computed(() => {
return Store.get('swProductDetail').loading;
});

swDefinePublic({
    product,
    lineItems,
    productNameError,
    productStockError,
    lineItemsQuantityError,
    loading,
});"
`;

exports[`scripts/codemods/sfc-migration/transform-script created-component: created() runs as direct setup code; beforeUnmount/unmounted use correct hooks matches the complete converted script snapshot 1`] = `
"const props = defineProps({
        selector: {
            type: String,
            required: false,
            default: 'body',
        },
    });
const emit = defineEmits(['ready']);

import { ref, inject, onMounted, onBeforeUnmount, onUnmounted } from 'vue';

const shortcutService = inject('shortcutService');

const initialized = ref(false);

const reset = () => {
initialized.value = false;
};

shortcutService.stopEventListener();
emit('ready');

onMounted(() => {
initialized.value = true;
});
onBeforeUnmount(() => {
shortcutService.startEventListener();
});
onUnmounted(() => {
initialized.value = false;
});

swDefinePublic({
    shortcutService,
    initialized,
    reset,
});"
`;

exports[`scripts/codemods/sfc-migration/transform-script debounce-component: property-assignment methods (debounce wrappers) are preserved and this-rewritten matches the complete converted script snapshot 1`] = `
"const { debounce } = Shopware.Utils;

import { ref } from 'vue';

const query = ref('');

const onInput = (value) => {
query.value = value;
searchDebounce();
};
const doSearch = () => {
query.value = query.value.trim();
};
const searchDebounce = debounce(() => {
            doSearch();
        }, 300);

swDefinePublic({
    query,
    onInput,
    doSearch,
    searchDebounce,
});"
`;

exports[`scripts/codemods/sfc-migration/transform-script device-component: binds $device once from the setup instance matches the complete converted script snapshot 1`] = `
"import { ref, computed, getCurrentInstance, onMounted } from 'vue';

const device = getCurrentInstance()?.proxy?.$device;

const isCompact = ref(false);

const systemKey = computed(() => {
return device.getSystemKey();
});

onMounted(() => {
isCompact.value = device.getViewportWidth() < 500;
});

swDefinePublic({
    isCompact,
    systemKey,
});"
`;

exports[`scripts/codemods/sfc-migration/transform-script expose-component: converts the expose option into defineExpose matches the complete converted script snapshot 1`] = `
"import { ref, computed } from 'vue';

const isOpen = ref(false);

const stateLabel = computed(() => {
return isOpen.value ? 'open' : 'closed';
});

const focus = () => {
isOpen.value = true;
};

swDefinePublic({
    isOpen,
    stateLabel,
    focus,
});

defineExpose({
    focus,
    isOpen,
});"
`;

exports[`scripts/codemods/sfc-migration/transform-script global-alias-component: expands module-local aliases of globals in props and emits matches the complete converted script snapshot 1`] = `
"const { Context } = Shopware;
const { Criteria } = Shopware.Data;
const utils = Shopware.Utils;
const { types } = utils;

const props = defineProps({
        criteria: {
            type: Shopware.Data.Criteria,
            required: false,
            default: null,
        },
        esEnabled: {
            type: Boolean,
            required: false,
            default: Shopware.Context.app.adminEsEnable ?? false,
        },
    });
const emit = defineEmits({
        save: (payload) => Shopware.Utils.types.isObject(payload),
    });

const save = (payload) => {
emit('save', payload);
};

swDefinePublic({
    save,
});"
`;

exports[`scripts/codemods/sfc-migration/transform-script inherit-attrs-component: emits defineOptions({ inheritAttrs: false }) and excludes inheritAttrs from the options object matches the complete converted script snapshot 1`] = `
"defineOptions({ inheritAttrs: false });

import { ref } from 'vue';

const count = ref(0);

const increment = () => {
count.value += 1;
};

swDefinePublic({
    count,
    increment,
});"
`;

exports[`scripts/codemods/sfc-migration/transform-script module-level-component: preserves module-level code (scss import, const declarations) matches the complete converted script snapshot 1`] = `
"import './module-level-component.scss';
const { cloneDeep } = Shopware.Utils.object;
const COLORS = ['#FF0000', '#00FF00', '#0000FF'];

const props = defineProps({
        name: {
            type: String,
            required: true,
        },
        items: {
            type: Array,
            required: false,
            default: () => [],
        },
    });

import { computed } from 'vue';

const clonedItems = computed(() => {
return cloneDeep(props.items);
});
const nameColor = computed(() => {
return COLORS[props.name.length % COLORS.length];
});

swDefinePublic({
    clonedItems,
    nameColor,
});"
`;

exports[`scripts/codemods/sfc-migration/transform-script provide-component: converts provide() into provide(key, value) calls matches the complete converted script snapshot 1`] = `
"const emit = defineEmits(['item-register']);

import { ref, computed, provide } from 'vue';

const items = ref([]);
const scopeName = ref('sw-provider-card');

const itemCount = computed(() => {
return items.value.length;
});

const registerCardItem = (item) => {
items.value.push(item);
emit('item-register', item);
};

provide('registerCardItem', registerCardItem);
provide('card-scope', scopeName.value);

swDefinePublic({
    items,
    scopeName,
    itemCount,
    registerCardItem,
});"
`;

exports[`scripts/codemods/sfc-migration/transform-script simple-component: fully converts inject, data, computed, and methods to Composition API matches the complete converted script snapshot 1`] = `
"const emit = defineEmits(['save']);

import { ref, computed, inject } from 'vue';

const repositoryFactory = inject('repositoryFactory');

const title = ref('Default Title');
const isLoading = ref(false);

const description = computed(() => {
return \`This is: \${title.value}\`;
});

const onSave = () => {
isLoading.value = true;
emit('save', title.value);
};

swDefinePublic({
    repositoryFactory,
    title,
    isLoading,
    description,
    onSave,
});"
`;

exports[`scripts/codemods/sfc-migration/transform-script watch-path-component: converts dotted watch keys into optional-chained getters matches the complete converted script snapshot 1`] = `
"const props = defineProps({
        item: {
            type: Object,
            required: true,
        },
    });

import { ref, watch } from 'vue';
import { useRoute } from 'vue-router';

const route = useRoute();

const entity = ref(null);
const netPrice = ref(0);
const label = ref('');

const applyLabel = (name) => {
label.value = name ?? '';
};

watch(() => props.item?.price?.net, (value) => {
netPrice.value = value;
});
watch(() => entity.value?.name, (...args) => applyLabel(...args), { immediate: true });
watch(() => entity.value?.customFields, (value) => {
label.value = value?.title ?? '';
}, { deep: true });
watch(() => route?.name, () => {
label.value = '';
});

swDefinePublic({
    entity,
    netPrice,
    label,
    applyLabel,
});"
`;
