// Jest Snapshot v1, https://goo.gl/fbAQLP

exports[`components/form/sw-radio-field should renders correctly with children slot 1`] = `
<div
  class="sw-field sw-field--radio"
>
  <!---->
   
  <!---->
   
  <div
    class="sw-field__radio-group"
  >
    <div
      class="sw-field__radio-option group-bordered sw-field__radio-option-checked"
    >
      <div
        class="sw-field__radio-input"
      >
        <input
          id="sw-field--currentValue-0"
          name="sw-field--currentValue"
          type="radio"
          value="0"
        />
         
        <div
          class="sw-field__radio-state"
        />
      </div>
       
      <label
        class="sw-field__radio-option-label"
        for="sw-field--currentValue-0"
      >
        <span>
          option 1
        </span>
         
        <!---->
         
        <!---->
      </label>
       
      <input
        id="custom-slot"
        type="text"
      />
       
      <p>
        Custom slot
      </p>
    </div>
    <div
      class="sw-field__radio-option group-bordered"
    >
      <div
        class="sw-field__radio-input"
      >
        <input
          id="sw-field--currentValue-1"
          name="sw-field--currentValue"
          type="radio"
          value="1"
        />
         
        <div
          class="sw-field__radio-state"
        />
      </div>
       
      <label
        class="sw-field__radio-option-label"
        for="sw-field--currentValue-1"
      >
        <span>
          option 2
        </span>
         
        <!---->
         
        <!---->
      </label>
       
    </div>
    <div
      class="sw-field__radio-option group-bordered"
    >
      <div
        class="sw-field__radio-input"
      >
        <input
          id="sw-field--currentValue-2"
          name="sw-field--currentValue"
          type="radio"
          value="2"
        />
         
        <div
          class="sw-field__radio-state"
        />
      </div>
       
      <label
        class="sw-field__radio-option-label"
        for="sw-field--currentValue-2"
      >
        <span>
          option 3
        </span>
         
        <!---->
         
        <!---->
      </label>
       
    </div>
  </div>
   
  <!---->
   
  <div />
   
  <!---->
</div>
`;
