// Jest Snapshot v1, https://goo.gl/fbAQLP

exports[`components/utils/sw-internal-link should render correctly when disabled 1`] = `
<span
  class="sw-internal-link sw-internal-link--disabled"
>
  
  test internal link
  
   
  <mt-icon-stub
    name="regular-long-arrow-right"
    size="16px"
  />
</span>
`;
